// Jest Snapshot v1, https://goo.gl/fbAQLP

exports[`<Home /> tests should match snapshot 1`] = `<Home />`;
