// Jest Snapshot v1, https://goo.gl/fbAQLP

exports[`<About /> tests should match snapshot 1`] = `<About />`;
