// Jest Snapshot v1, https://goo.gl/fbAQLP

exports[`<Layout /> tests should match snapshot 1`] = `<Layout />`;
