// Jest Snapshot v1, https://goo.gl/fbAQLP

exports[`<NotFound /> tests should match snapshot 1`] = `<NotFound />`;
